cargo :     Finished `test` profile [unoptimized + debuginfo] target(s) in 
1.65s
At line:1 char:1
+ cargo test --workspace 2>&1 | Tee-Object -FilePath test_output.txt; e ...
+ ~~~~~~~~~~~~~~~~~~~~~~~~~~~
    + CategoryInfo          : NotSpecified: (    Finished `t...get(s) in 1.65s 
   :String) [], RemoteException
    + FullyQualifiedErrorId : NativeCommandError
 
     Running unittests src\lib.rs 
(target\debug\deps\ngenorca_bus-7b2d5be689f797de.exe)

running 16 tests
test subscriber::tests::all_subscriber_receives_everything ... ok
test subscriber::tests::for_session_filters_by_session ... ok
test tests::bus_subscribe_receives_events ... ok
test subscriber::tests::messages_only_filters_non_messages ... ok
test event_log::tests::append_and_count ... ok
test event_log::tests::event_roundtrip_preserves_data ... ok
test event_log::tests::query_with_limit ... ok
test tests::bus_replay_with_limit ... ok
test event_log::tests::query_all_events ... ok
test tests::bus_clone_shares_state ... ok
test tests::bus_publish_and_count ... ok
test event_log::tests::create_event_log_in_memory ... ok
test tests::bus_replay_events ... ok
test event_log::tests::query_by_session ... ok
test event_log::tests::query_after_returns_later_events ... ok
test tests::bus_replay_after ... ok

test result: ok. 16 passed; 0 failed; 0 ignored; 0 measured; 0 filtered out; finished in 0.02s

     Running unittests src\main.rs 
(target\debug\deps\ngenorca-5f93a89900fb2a09.exe)

running 0 tests

test result: ok. 0 passed; 0 failed; 0 ignored; 0 measured; 0 filtered out; finished in 0.00s

     Running unittests src\lib.rs 
(target\debug\deps\ngenorca_config-34e9a52da7a35479.exe)

running 45 tests
test tests::default_proxy_headers ... ok
test tests::default_config_validates_ok ... ok
test tests::default_config_has_expected_bind_and_port ... ok
test tests::default_routing_is_single ... ok
test tests::auth_mode_serde_roundtrip ... ok
test tests::enabled_channels_detects_webchat ... ok
test tests::cheapest_agent_for_role_returns_min_cost ... ok
test tests::cheapest_agent_for_role_returns_none_when_empty ... ok
test tests::is_not_orchestrated_with_single_routing ... ok
test tests::is_orchestrated_when_routing_and_agents ... ok
test tests::is_trusted_proxy_false_when_none ... ok
test tests::enabled_channels_empty_by_default ... ok
test tests::is_trusted_proxy_true_when_set ... ok
test tests::memory_config_defaults ... ok
test tests::parse_model_splits_provider_and_name ... ok
test tests::routing_strategy_serde_roundtrip ... ok
test tests::sandbox_config_defaults ... ok
test tests::sub_agent_finds_by_name ... ok
test tests::is_not_orchestrated_with_no_agents ... ok
test tests::default_auth_mode_is_none ... ok
test tests::validate_catches_bad_temperature ... ok
test tests::validate_catches_empty_bind ... ok
test tests::sub_agent_names_returns_all ... ok
test tests::parse_model_without_slash_returns_custom ... ok
test tests::sub_agents_for_role_filters_correctly ... ok
test tests::validate_catches_bad_confidence_threshold ... ok
test tests::validate_catches_duplicate_sub_agent_names ... ok
test tests::validate_catches_bad_provider_url ... ok
test tests::validate_catches_missing_auth_password ... ok
test tests::quality_gate_defaults ... ok
test tests::validate_catches_empty_model ... ok
test tests::validate_catches_missing_matrix_token ... ok
test tests::validate_catches_empty_auth_tokens ... ok
test tests::config_serde_roundtrip ... ok
test tests::identity_config_defaults ... ok
test tests::validate_catches_missing_signal_phone ... ok
test tests::validate_catches_missing_teams_app_id ... ok
test tests::validate_catches_missing_slack_token ... ok
test tests::validate_catches_missing_tls_cert ... ok
test tests::validate_catches_rate_limit_zero_window ... ok
test tests::validate_catches_zero_max_tokens ... ok
test tests::validate_catches_zero_port ... ok
test tests::validate_warns_unknown_quality_gate_method ... ok
test tests::validate_warns_zero_consolidation_interval ... ok
test tests::validate_whatsapp_native_mode_passes ... ok

test result: ok. 45 passed; 0 failed; 0 ignored; 0 measured; 0 filtered out; finished in 0.03s

     Running unittests src\lib.rs 
(target\debug\deps\ngenorca_core-61d25622cdc84e0d.exe)

running 78 tests
test error::tests::error_display_channel_closed ... ok
test error::tests::error_display_other ... ok
test error::tests::error_display_config ... ok
test error::tests::is_transient_for_timeout ... ok
test error::tests::is_not_transient_for_config ... ok
test error::tests::error_display_unauthorized ... ok
test error::tests::error_from_io ... ok
test error::tests::error_display_timeout ... ok
test error::tests::error_display_memory ... ok
test error::tests::is_transient_for_provider_unavailable ... ok
test error::tests::is_transient_for_rate_limited ... ok
test error::tests::error_display_not_found ... ok
test error::tests::is_transient_for_gateway_429 ... ok
test error::tests::error_from_serde_json ... ok
test error::tests::provider_unavailable_display ... ok
test error::tests::error_display_identity ... ok
test error::tests::is_not_transient_for_unauthorized ... ok
test error::tests::rate_limited_display ... ok
test error::tests::result_type_alias_works ... ok
test event::tests::event_payload_message_variant ... ok
test event::tests::event_payload_orchestration_completed_serde ... ok
test event::tests::event_payload_all_simple_variants_serialize ... ok
test event::tests::event_serde_roundtrip_session_created ... ok
test event::tests::event_without_session_or_user ... ok
test event::tests::identity_change_kind_serde_roundtrip ... ok
test event::tests::lifecycle_event_serde_roundtrip ... ok
test event::tests::memory_tier_serde_roundtrip ... ok
test identity::tests::attestation_type_serde_roundtrip ... ok
test identity::tests::device_binding_serde_roundtrip ... ok
test identity::tests::user_identity_serde_roundtrip ... ok
test message::tests::content_tool_result_serde ... ok
test message::tests::direction_serde_roundtrip ... ok
test identity::tests::channel_binding_serde_roundtrip ... ok
test identity::tests::user_role_serde_roundtrip ... ok
test message::tests::content_image_serde ... ok
test orchestration::tests::classification_method_serde_roundtrip ... ok
test message::tests::message_metadata_stores_arbitrary_data ... ok
test message::tests::content_text_serde ... ok
test message::tests::content_tool_call_serde ... ok
test orchestration::tests::learned_routing_rule_serde_roundtrip ... ok
test orchestration::tests::quality_method_serde_roundtrip ... ok
test orchestration::tests::quality_verdict_accept_serde ... ok
test message::tests::message_without_optional_fields ... ok
test message::tests::message_serde_roundtrip ... ok
test orchestration::tests::quality_verdict_augment_serde ... ok
test orchestration::tests::quality_verdict_escalate_serde ... ok
test orchestration::tests::routing_decision_serde_roundtrip ... ok
test orchestration::tests::routing_strategy_default_is_hybrid ... ok
test plugin::tests::permission_serde_roundtrip ... ok
test orchestration::tests::sub_agent_role_serde_roundtrip ... ok
test plugin::tests::api_version_is_one ... ok
test orchestration::tests::task_complexity_serde_roundtrip ... ok
test orchestration::tests::task_classification_serde_roundtrip ... ok
test orchestration::tests::task_complexity_ordering ... ok
test orchestration::tests::task_intent_serde_roundtrip ... ok
test orchestration::tests::routing_strategy_serde_roundtrip ... ok
test plugin::tests::plugin_kind_serde_roundtrip ... ok
test plugin::tests::plugin_manifest_serde_roundtrip ... ok
test session::tests::session_serde_roundtrip ... ok
test session::tests::session_state_serde_roundtrip ... ok
test session::tests::thinking_level_default_is_medium ... ok
test session::tests::thinking_level_serde_roundtrip ... ok
test types::tests::channel_kind_custom_preserves_value ... ok
test types::tests::channel_kind_serde_roundtrip ... ok
test types::tests::device_id_equality ... ok
test types::tests::event_id_serde_roundtrip ... ok
test types::tests::event_id_default_is_new ... ok
test types::tests::event_id_unique ... ok
test types::tests::user_id_display ... ok
test types::tests::session_id_default_is_new ... ok
test types::tests::user_id_serde_roundtrip ... ok
test types::tests::session_id_serde_roundtrip ... ok
test types::tests::session_id_unique ... ok
test types::tests::trust_level_serde_roundtrip ... ok
test types::tests::event_id_display ... ok
test types::tests::session_id_display ... ok
test types::tests::user_id_equality ... ok
test types::tests::trust_level_ordering ... ok

test result: ok. 78 passed; 0 failed; 0 ignored; 0 measured; 0 filtered out; finished in 0.04s

     Running unittests src\lib.rs 
(target\debug\deps\ngenorca_gateway-b627f1cd4466a4b8.exe)

running 143 tests
test auth::tests::auth_method_default_is_anonymous ... ok
test auth::tests::caller_identity_certificate_user ... ok
test channels::discord::tests::bot_messages_skipped ... ok
test auth::tests::caller_identity_clone ... ok
test auth::tests::caller_identity_default_is_anonymous ... ok
test auth::tests::caller_identity_password_user ... ok
test auth::tests::caller_identity_token_user ... ok
test auth::tests::auth_method_debug_format ... ok
test auth::tests::caller_identity_with_proxy_fields ... ok
test auth::tests::exempt_paths_are_recognized ... ok
test channels::discord::tests::dm_allowed_through ... ok
test channels::discord::tests::message_converts_with_prefix ... ok
test channels::discord::tests::message_without_prefix_filtered ... ok
test channels::discord::tests::no_prefix_passes_all ... ok
test channels::discord::tests::unknown_guild_filtered ... ok
test channels::discord::tests::discord_channel_kind ... ok
test channels::discord::tests::discord_manifest ... ok
test channels::matrix::tests::matrix_channel_kind ... ok
test channels::matrix::tests::api_url_formats_correctly ... ok
test channels::matrix::tests::matrix_event_skips_non_text ... ok
test channels::matrix::tests::matrix_event_skips_empty_body ... ok
test channels::matrix::tests::matrix_event_to_message_converts_text ... ok
test channels::signal::tests::empty_text_skipped ... ok
test channels::matrix::tests::matrix_manifest ... ok
test channels::signal::tests::envelope_converts_to_message ... ok
test channels::signal::tests::no_data_message_skipped ... ok
test channels::signal::tests::group_message_uses_group_as_channel ... ok
test channels::signal::tests::own_messages_skipped ... ok
test channels::signal::tests::signal_channel_kind ... ok
test channels::signal::tests::signal_manifest ... ok
test channels::slack::tests::slack_channel_kind ... ok
test channels::slack::tests::slack_event_skips_bot_messages ... ok
test channels::slack::tests::slack_event_skips_empty_text ... ok
test channels::slack::tests::slack_event_to_message_converts ... ok
test channels::slack::tests::slack_manifest ... ok
test channels::teams::tests::activity_converts_to_message ... ok
test channels::teams::tests::no_text_returns_none ... ok
test channels::teams::tests::non_message_activity_returns_none ... ok
test channels::telegram::tests::telegram_message_to_ngenorca_converts ... ok
test channels::telegram::tests::telegram_message_without_user_returns_none ... ok
test channels::telegram::tests::telegram_message_without_text_returns_none ... ok
test channels::teams::tests::process_activity_sends_event ... ok
test channels::teams::tests::teams_channel_kind ... ok
test channels::telegram::tests::user_allowed_when_in_list ... ok
test channels::telegram::tests::user_allowed_when_list_empty ... ok
test channels::teams::tests::empty_text_returns_none ... ok
test channels::telegram::tests::api_url_formats_correctly ... ok
test channels::telegram::tests::manifest_is_channel_adapter ... ok
test channels::telegram::tests::channel_kind_is_telegram ... ok
test channels::teams::tests::teams_manifest ... ok
test channels::webchat::tests::webchat_channel_kind ... ok
test channels::webchat::tests::webchat_manifest ... ok
test channels::whatsapp::tests::native_event_to_ngenorca_converts ... ok
test channels::whatsapp::tests::webhook_message_converts ... ok
test channels::whatsapp::tests::process_webhook_payload_sends_events ... ok
test channels::webchat::tests::webchat_health_check_ok ... ok
test channels::whatsapp::tests::webhook_message_no_text_returns_none ... ok
test channels::whatsapp::tests::whatsapp_channel_kind ... ok
test metrics::tests::clone_shares_state ... ok
test channels::whatsapp::tests::whatsapp_is_native ... ok
test metrics::tests::increments_are_visible ... ok
test channels::whatsapp::tests::whatsapp_verify_token_cloud ... ok
test channels::whatsapp::tests::whatsapp_verify_token_native_empty ... ok
test metrics::tests::new_metrics_all_zero ... ok
test channels::whatsapp::tests::whatsapp_manifest_cloud ... ok
test channels::whatsapp::tests::whatsapp_manifest_native ... ok
test metrics::tests::prometheus_output_format ... ok
test orchestration::classifier::tests::test_coding_detection ... ok
test orchestration::classifier::tests::test_language_detection_pt ... ok
test orchestration::classifier::tests::test_summarization_detection ... ok
test orchestration::classifier::tests::test_translation_detection ... ok
test orchestration::classifier::tests::test_unknown_fallback ... ok
test orchestration::learned::tests::empty_lookup_returns_none ... ok
test orchestration::learned::tests::all_rules_returns_everything ... ok
test orchestration::learned::tests::no_rule_created_on_low_quality ... ok
test orchestration::learned::tests::escalation_decreases_confidence ... ok
test orchestration::learned::tests::ingest_creates_rule_on_accept ... ok
test orchestration::orchestrator::tests::test_escalation_target ... ok
test orchestration::learned::tests::domain_specific_lookup ... ok
test orchestration::orchestrator::tests::test_info ... ok
test orchestration::learned::tests::repeated_success_increases_confidence ... ok
test orchestration::orchestrator::tests::test_local_first_routing ... ok
test orchestration::orchestrator::tests::test_route_analysis_to_deep_thinker ... ok
test orchestration::orchestrator::tests::test_route_summarization_to_local ... ok
test orchestration::quality::tests::parse_accept_with_score ... ok
test orchestration::orchestrator::tests::test_route_coding_to_coder ... ok
test orchestration::quality::tests::parse_accept_without_score ... ok
test orchestration::orchestrator::tests::test_classify_summarization ... ok
test orchestration::quality::tests::parse_augment ... ok
test orchestration::quality::tests::parse_escalate ... ok
test orchestration::quality::tests::parse_unknown_defaults_to_accept ... ok
test orchestration::quality::tests::test_detect_refusal ... ok
test orchestration::quality::tests::test_reject_too_short ... ok
test orchestration::quality::tests::test_accept_good_response ... ok
test plugins::tests::health_check_all_reports_healthy ... ok
test plugins::tests::register_and_execute_tool ... ok
test plugins::tests::register_and_list_plugin ... ok
test plugins::tests::plugin_count_tracks_registrations ... ok
test providers::anthropic::tests::model_prefix_stripping ... ok
test providers::anthropic::tests::provider_name ... ok
test plugins::tests::tool_definitions_returns_all ... ok
test providers::ollama::tests::to_ollama_messages_converts_correctly ... ok
test providers::ollama::tests::model_prefix_stripping ... ok
test plugins::tests::unknown_tool_returns_not_found ... ok
test plugins::tests::shutdown_all_completes ... ok
test providers::anthropic::tests::to_anthropic_tools_converts ... ok
test providers::anthropic::tests::to_anthropic_messages_extracts_system ... ok
test providers::ollama::tests::provider_name ... ok
test providers::openai_compat::tests::model_prefix_stripping ... ok
test providers::ollama::tests::to_ollama_tools_converts_correctly ... ok
test providers::openai_compat::tests::provider_name_label ... ok
test providers::openai_compat::tests::to_openai_messages_converts ... ok
test providers::openai_compat::tests::to_openai_tools_converts ... ok
test providers::registry::tests::anthropic_without_key_skipped ... ok
test providers::anthropic::tests::static_model_list ... ok
test providers::registry::tests::provider_names_lists_all ... ok
test providers::registry::tests::empty_config_registers_default_ollama ... ok
test providers::registry::tests::resolve_finds_provider_by_model_prefix ... ok
test providers::registry::tests::resolve_unknown_provider_errors ... ok
test providers::registry::tests::with_anthropic_config ... ok
test providers::retry::tests::does_not_retry_permanent_error ... ok
test providers::retry::tests::succeeds_on_first_try ... ok
test providers::retry::tests::zero_max_retries_means_no_retry ... ok
test rate_limit::tests::allows_up_to_max ... ok
test rate_limit::tests::disabled_when_max_is_zero ... ok
test rate_limit::tests::separate_keys_are_independent ... ok
test rate_limit::tests::tracked_keys_returns_count ... ok
test sessions::tests::active_sessions_count ... ok
test sessions::tests::create_session ... ok
test sessions::tests::anonymous_session ... ok
test sessions::tests::different_channel_gets_new_session ... ok
test sessions::tests::end_session_marks_ended ... ok
test sessions::tests::record_message_updates_session ... ok
test sessions::tests::ended_session_creates_new_one ... ok
test sessions::tests::reuse_active_session ... ok
test rate_limit::tests::window_expiry_allows_new_requests ... ok
test providers::retry::tests::gives_up_after_max_retries ... ok
test providers::retry::tests::retries_on_transient_error ... ok
test state::tests::state_event_bus_works ... ok
test providers::retry::tests::respects_rate_limit_retry_after ... ok
test state::tests::state_creation ... ok
test state::tests::state_uptime_is_non_zero ... ok
test state::tests::state_clone_shares_inner ... ok

test result: ok. 143 passed; 0 failed; 0 ignored; 0 measured; 0 filtered out; finished in 0.20s

     Running tests\integration.rs 
(target\debug\deps\integration-148c695a8f9b00b4.exe)

running 19 tests
test dsar_delete_rejects_cross_user_request ... ok
test teams_webhook_rejects_missing_auth_header ... ok
test trusted_proxy_rejects_untrusted_source_ip ... ok
test request_id_propagated_from_client ... ok
test root_returns_name_and_endpoints ... ok
test trusted_proxy_accepts_trusted_source_ip ... ok
test telegram_webhook_rejects_invalid_secret ... ok
test token_auth_passes_with_valid_bearer ... ok
test teams_webhook_rejects_invalid_jwt ... ok
test telegram_webhook_rejects_missing_secret_header ... ok
test chat_rejects_oversized_message ... ok
test chat_rejects_empty_message ... ok
test health_returns_200_without_auth ... ok
test request_id_generated_when_absent ... ok
test trusted_proxy_rejects_without_connect_info ... ok
test token_auth_rejects_without_bearer ... ok
test metrics_endpoint_returns_ok ... ok
test unknown_route_returns_404 ... ok
test version_returns_crate_version ... ok

test result: ok. 19 passed; 0 failed; 0 ignored; 0 measured; 0 filtered out; finished in 0.73s

     Running unittests src\lib.rs 
(target\debug\deps\ngenorca_identity-107e41441fcc2939.exe)

running 18 tests
test tests::pair_device_and_resolve ... ok
test resolver::tests::resolve_invalid_signature_challenges ... ok
test resolver::tests::resolve_corrupt_public_key_challenges ... ok
test resolver::tests::identity_action_equality ... ok
test resolver::tests::resolve_unknown_device ... ok
test resolver::tests::resolve_from_known_channel ... ok
test resolver::tests::verify_device_signature_invalid ... ok
test resolver::tests::resolve_valid_ed25519_signature_proceeds ... ok
test tests::resolve_unknown_channel_returns_none ... ok
test resolver::tests::verify_device_signature_valid ... ok
test tests::get_nonexistent_user_returns_none ... ok
test tests::resolve_unknown_device_returns_none ... ok
test tests::register_and_get_user ... ok
test resolver::tests::resolve_from_known_device_no_signature_proceeds_reduced ... ok
test resolver::tests::resolve_from_unknown_channel ... ok
test tests::link_channel_and_resolve ... ok
test tests::list_users_returns_all ... ok
test tests::revoke_device_works ... ok

test result: ok. 18 passed; 0 failed; 0 ignored; 0 measured; 0 filtered out; finished in 0.03s

     Running unittests src\lib.rs 
(target\debug\deps\ngenorca_memory-28c3b2dd20b4c602.exe)

running 45 tests
test episodic::tests::prune_removes_oldest_entries ... ok
test episodic::tests::search_empty_query_returns_empty ... ok
test episodic::tests::search_is_user_scoped ... ok
test episodic::tests::entry_with_summary ... ok
test episodic::tests::episodic_entry_serde_roundtrip ... ok
test episodic::tests::store_and_count ... ok
test episodic::tests::search_scores_include_summary ... ok
test episodic::tests::store_returns_rowid ... ok
test episodic::tests::new_in_memory ... ok
test episodic::tests::tokenize_deduplicates_and_lowercases ... ok
test episodic::tests::search_finds_matching_content ... ok
test episodic::tests::get_recent_returns_entries_since_time ... ok
test episodic::tests::prune_noop_when_under_limit ... ok
test episodic::tests::search_respects_limit ... ok
test episodic::tests::search_scores_by_term_overlap ... ok
test episodic::tests::search_no_match_returns_empty ... ok
test episodic::tests::search_returns_empty_for_no_match ... ok
test semantic::tests::fact_category_serde_roundtrip ... ok
test semantic::tests::semantic_fact_serde_roundtrip ... ok
test semantic::tests::retrieve_for_user_returns_facts ... ok
test semantic::tests::new_in_memory ... ok
test semantic::tests::store_and_count ... ok
test semantic::tests::retrieve_is_user_scoped ... ok
test semantic::tests::retrieve_respects_token_budget ... ok
test semantic::tests::retrieve_orders_by_confidence_desc ... ok
test semantic::tests::store_returns_incrementing_ids ... ok
test semantic::tests::prune_removes_low_confidence_old_facts ... ok
test semantic::tests::update_confidence ... ok
test semantic::tests::retrieve_filters_low_confidence ... ok
test tests::extract_nothing_from_neutral_text ... ok
test tests::extract_goal ... ok
test tests::extract_personal_info ... ok
test tests::extract_preference ... ok
test tests::extract_technical_preference ... ok
test working::tests::default_is_new ... ok
test working::tests::clear_session_removes_all ... ok
test working::tests::eviction_removes_oldest_non_system_messages ... ok
test working::tests::new_is_empty ... ok
test working::tests::push_and_get_session ... ok
test working::tests::sessions_are_isolated ... ok
test working::tests::token_usage_tracks_correctly ... ok
test working::tests::working_message_serde_roundtrip ... ok
test tests::consolidate_empty_returns_default ... ok
test tests::consolidate_deduplicates_facts ... ok
test tests::consolidate_extracts_facts_and_prunes ... ok

test result: ok. 45 passed; 0 failed; 0 ignored; 0 measured; 0 filtered out; finished in 0.32s

     Running unittests src\lib.rs 
(target\debug\deps\ngenorca_plugin_sdk-c2d5b15ec12bf7b2.exe)

running 16 tests
test tests::chat_completion_request_serde_roundtrip ... ok
test tests::orchestrated_response_escalated ... ok
test tests::model_info_local_model ... ok
test tests::usage_default_is_zero ... ok
test tests::tool_definition_serde_roundtrip ... ok
test tests::chat_completion_response_serde_roundtrip ... ok
test tests::chat_completion_request_with_tools ... ok
test tests::plugin_context_construction ... ok
test tests::model_info_serde_roundtrip ... ok
test tests::orchestrated_response_serde_roundtrip ... ok
test tests::usage_serde_roundtrip ... ok
test tests::sender_send_closed_channel_errors ... ok
test tests::chat_completion_response_with_tool_calls ... ok
test tests::chat_message_serde_roundtrip ... ok
test tests::tool_call_response_serde_roundtrip ... ok
test tests::sender_send_success ... ok

test result: ok. 16 passed; 0 failed; 0 ignored; 0 measured; 0 filtered out; finished in 0.02s

     Running unittests src\lib.rs 
(target\debug\deps\ngenorca_sandbox-9595fb10645d028b.exe)

running 10 tests
test tests::detect_environment_returns_windows ... ok
test tests::sandboxed_output_timeout ... ok
test tests::sandbox_policy_default_values ... ok
test tests::sandboxed_output_construction ... ok
test tests::sandbox_policy_custom_paths ... ok
test tests::sandbox_policy_serde_roundtrip ... ok
test tests::sandbox_environment_serde_roundtrip ... ok
test tests::exec_nonexistent_command_errors ... ok
test tests::exec_echo_succeeds ... ok
test tests::exec_timeout_works ... ok

test result: ok. 10 passed; 0 failed; 0 ignored; 0 measured; 0 filtered out; finished in 1.05s

     Running unittests src\lib.rs 
(target\debug\deps\ngenorca_whatsapp_web-462b888780d53931.exe)

running 45 tests
test auth::tests::login_payload_not_empty ... ok
test client::tests::extract_text_from_body_child ... ok
test auth::tests::client_id_length ... ok
test binary::tests::encode_decode_node_with_children ... ok
test client::tests::extract_text_from_direct_text ... ok
test binary::tests::encode_decode_simple_node ... ok
test auth::tests::extract_qr_ref_nested ... ok
test binary::tests::node_attr_getter ... ok
test auth::tests::extract_qr_ref_direct ... ok
test binary::tests::decode_raw_empty_node ... ok
test binary::tests::token_map_has_expected_entries ... ok
test crypto::tests::hmac_roundtrip ... ok
test crypto::tests::random_bytes_nonzero_length ... ok
test client::tests::extract_text_none_for_empty ... ok
test crypto::tests::aes_cbc_roundtrip ... ok
test noise::tests::init_handshake_returns_32_bytes ... ok
test auth::tests::pairing_payload_not_empty ... ok
test client::tests::client_create ... ok
test auth::tests::prekey_upload_node_structure ... ok
test crypto::tests::aes_gcm_roundtrip ... ok
test client::tests::event_receiver_taken_once ... ok
test crypto::tests::x25519_keypair_generates_different_keys ... ok
test noise::tests::counter_to_nonce_is_big_endian ... ok
test crypto::tests::hkdf_produces_expected_length ... ok
test noise::tests::new_handler_has_keys ... ok
test noise::tests::prologue_bytes ... ok
test auth::tests::qr_code_build ... ok
test proto::tests::handshake_client_hello_roundtrip ... ok
test proto::tests::client_payload_pairing_encodes ... ok
test noise::tests::transport_encrypt_decrypt_after_manual_split ... ok
test proto::tests::client_payload_login_encodes ... ok
test proto::tests::wa_message_conversation_roundtrip ... ok
test signal::tests::registration_id_in_range ... ok
test signal::tests::pre_key_generate ... ok
test signal::tests::identity_key_pair_generate ... ok
test signal::tests::session_encrypt_decrypt_roundtrip ... ok
test signal::tests::signed_pre_key_generate ... ok
test transport::tests::ws_url_is_correct ... ok
test store::tests::session_roundtrip ... ok
test store::tests::store_create_dir ... ok
test signal::tests::signal_keys_generate ... ok
test store::tests::state_roundtrip ... ok
test store::tests::wipe_clears_everything ... ok
test store::tests::credentials_roundtrip ... ok
test store::tests::signal_keys_generate_and_load ... ok

test result: ok. 45 passed; 0 failed; 0 ignored; 0 measured; 0 filtered out; finished in 0.10s

   Doc-tests ngenorca_bus

running 0 tests

test result: ok. 0 passed; 0 failed; 0 ignored; 0 measured; 0 filtered out; finished in 0.00s

   Doc-tests ngenorca_config

running 0 tests

test result: ok. 0 passed; 0 failed; 0 ignored; 0 measured; 0 filtered out; finished in 0.00s

   Doc-tests ngenorca_core

running 0 tests

test result: ok. 0 passed; 0 failed; 0 ignored; 0 measured; 0 filtered out; finished in 0.00s

   Doc-tests ngenorca_gateway

running 0 tests

test result: ok. 0 passed; 0 failed; 0 ignored; 0 measured; 0 filtered out; finished in 0.00s

   Doc-tests ngenorca_identity

running 0 tests

test result: ok. 0 passed; 0 failed; 0 ignored; 0 measured; 0 filtered out; finished in 0.00s

   Doc-tests ngenorca_memory

running 0 tests

test result: ok. 0 passed; 0 failed; 0 ignored; 0 measured; 0 filtered out; finished in 0.00s

   Doc-tests ngenorca_plugin_sdk

running 0 tests

test result: ok. 0 passed; 0 failed; 0 ignored; 0 measured; 0 filtered out; finished in 0.00s

   Doc-tests ngenorca_sandbox

running 0 tests

test result: ok. 0 passed; 0 failed; 0 ignored; 0 measured; 0 filtered out; finished in 0.00s

   Doc-tests ngenorca_whatsapp_web

running 0 tests

test result: ok. 0 passed; 0 failed; 0 ignored; 0 measured; 0 filtered out; finished in 0.00s

